------------------------------------------------------------
TimeQuest Timing Analyzer Summary
------------------------------------------------------------

Type  : Slow 1200mV 85C Model Setup 'Registrador:REG_1|data_s[0]'
Slack : -5.703
TNS   : -1014.182

Type  : Slow 1200mV 85C Model Setup 'CLOCK_50'
Slack : -0.856
TNS   : -0.856

Type  : Slow 1200mV 85C Model Hold 'Registrador:REG_1|data_s[0]'
Slack : 0.331
TNS   : 0.000

Type  : Slow 1200mV 85C Model Hold 'CLOCK_50'
Slack : 0.737
TNS   : 0.000

Type  : Slow 1200mV 85C Model Minimum Pulse Width 'CLOCK_50'
Slack : -3.000
TNS   : -4.285

Type  : Slow 1200mV 85C Model Minimum Pulse Width 'KEY[3]'
Slack : -3.000
TNS   : -4.285

Type  : Slow 1200mV 85C Model Minimum Pulse Width 'Registrador:REG_1|data_s[0]'
Slack : -2.693
TNS   : -641.652

Type  : Slow 1200mV 0C Model Setup 'Registrador:REG_1|data_s[0]'
Slack : -5.017
TNS   : -886.391

Type  : Slow 1200mV 0C Model Setup 'CLOCK_50'
Slack : -0.682
TNS   : -0.682

Type  : Slow 1200mV 0C Model Hold 'Registrador:REG_1|data_s[0]'
Slack : 0.331
TNS   : 0.000

Type  : Slow 1200mV 0C Model Hold 'CLOCK_50'
Slack : 0.782
TNS   : 0.000

Type  : Slow 1200mV 0C Model Minimum Pulse Width 'CLOCK_50'
Slack : -3.000
TNS   : -4.285

Type  : Slow 1200mV 0C Model Minimum Pulse Width 'KEY[3]'
Slack : -3.000
TNS   : -4.285

Type  : Slow 1200mV 0C Model Minimum Pulse Width 'Registrador:REG_1|data_s[0]'
Slack : -2.649
TNS   : -641.036

Type  : Fast 1200mV 0C Model Setup 'Registrador:REG_1|data_s[0]'
Slack : -2.347
TNS   : -306.202

Type  : Fast 1200mV 0C Model Setup 'CLOCK_50'
Slack : -0.397
TNS   : -0.397

Type  : Fast 1200mV 0C Model Hold 'Registrador:REG_1|data_s[0]'
Slack : 0.127
TNS   : 0.000

Type  : Fast 1200mV 0C Model Hold 'CLOCK_50'
Slack : 0.199
TNS   : 0.000

Type  : Fast 1200mV 0C Model Minimum Pulse Width 'KEY[3]'
Slack : -3.000
TNS   : -4.152

Type  : Fast 1200mV 0C Model Minimum Pulse Width 'CLOCK_50'
Slack : -3.000
TNS   : -4.071

Type  : Fast 1200mV 0C Model Minimum Pulse Width 'Registrador:REG_1|data_s[0]'
Slack : -1.000
TNS   : -484.000

------------------------------------------------------------
