------------------------------------------------------------
Timing Analyzer Summary
------------------------------------------------------------

Type  : Slow 1200mV 85C Model Setup 'CLOCK_50'
Slack : -10.137
TNS   : -1433.909

Type  : Slow 1200mV 85C Model Setup 'KEY[3]'
Slack : -1.010
TNS   : -3.904

Type  : Slow 1200mV 85C Model Hold 'CLOCK_50'
Slack : -0.129
TNS   : -0.129

Type  : Slow 1200mV 85C Model Hold 'KEY[3]'
Slack : 0.402
TNS   : 0.000

Type  : Slow 1200mV 85C Model Recovery 'KEY[3]'
Slack : -0.496
TNS   : -2.976

Type  : Slow 1200mV 85C Model Removal 'KEY[3]'
Slack : 0.816
TNS   : 0.000

Type  : Slow 1200mV 85C Model Minimum Pulse Width 'CLOCK_50'
Slack : -3.000
TNS   : -211.170

Type  : Slow 1200mV 85C Model Minimum Pulse Width 'KEY[3]'
Slack : -3.000
TNS   : -10.710

Type  : Slow 1200mV 0C Model Setup 'CLOCK_50'
Slack : -9.200
TNS   : -1301.312

Type  : Slow 1200mV 0C Model Setup 'KEY[3]'
Slack : -0.799
TNS   : -2.994

Type  : Slow 1200mV 0C Model Hold 'CLOCK_50'
Slack : -0.059
TNS   : -0.059

Type  : Slow 1200mV 0C Model Hold 'KEY[3]'
Slack : 0.353
TNS   : 0.000

Type  : Slow 1200mV 0C Model Recovery 'KEY[3]'
Slack : -0.408
TNS   : -2.448

Type  : Slow 1200mV 0C Model Removal 'KEY[3]'
Slack : 0.773
TNS   : 0.000

Type  : Slow 1200mV 0C Model Minimum Pulse Width 'CLOCK_50'
Slack : -3.000
TNS   : -211.170

Type  : Slow 1200mV 0C Model Minimum Pulse Width 'KEY[3]'
Slack : -3.000
TNS   : -10.710

Type  : Fast 1200mV 0C Model Setup 'CLOCK_50'
Slack : -5.101
TNS   : -724.840

Type  : Fast 1200mV 0C Model Setup 'KEY[3]'
Slack : 0.020
TNS   : 0.000

Type  : Fast 1200mV 0C Model Hold 'CLOCK_50'
Slack : -0.249
TNS   : -0.249

Type  : Fast 1200mV 0C Model Hold 'KEY[3]'
Slack : 0.181
TNS   : 0.000

Type  : Fast 1200mV 0C Model Recovery 'KEY[3]'
Slack : 0.292
TNS   : 0.000

Type  : Fast 1200mV 0C Model Removal 'KEY[3]'
Slack : 0.251
TNS   : 0.000

Type  : Fast 1200mV 0C Model Minimum Pulse Width 'CLOCK_50'
Slack : -3.000
TNS   : -212.479

Type  : Fast 1200mV 0C Model Minimum Pulse Width 'KEY[3]'
Slack : -3.000
TNS   : -9.480

------------------------------------------------------------
